// Jest Snapshot v1, https://goo.gl/fbAQLP

exports[`Home page matches snapshot 1`] = `
<DocumentFragment>
  <div
    class="container"
  >
    <div
      class="title"
    >
      SDK Demo
    </div>
    <div
      class="demo_list_container"
    >
      <div
        class="demo_container"
      >
        <a
          class="demo_link"
          href="/broadcaster-demo"
        >
          Broadcaster demo
        </a>
      </div>
      <div
        class="demo_container"
      >
        <a
          class="demo_link"
          href="/listener-demo"
        >
          Listener demo
        </a>
      </div>
      <div
        class="demo_container"
      >
        <a
          class="demo_link"
          href="/multiple-listener-demo"
        >
          Multiple listeners demo
        </a>
      </div>
    </div>
  </div>
</DocumentFragment>
`;
